NAME,ADDRESS,TURNOVER,TURNOVER_RANK
Chez Sylvain,Allees de Tourny - Bordeaux,40,1
Chez Vincent,Allee Susan Brownell Anthony - Nantes,29,2 
Chez Tristan,Avenue de la Grande Armee - Paris,24,3
Chez Eliass,Place de la Bourse - Toulouse,18,4